Archive member included to satisfy reference by file (symbol)

/opt/st/stm32cubeide_1.15.0/plugins/com.st.stm32cube.ide.mcu.externaltools.gnu-tools-for-stm32.12.3.rel1.linux64_1.0.100.202403111256/tools/bin/../lib/gcc/arm-none-eabi/12.3.1/../../../../arm-none-eabi/lib/thumb/v7e-m+fp/hard/libc_nano.a(libc_a-exit.o)
                              /opt/st/stm32cubeide_1.15.0/plugins/com.st.stm32cube.ide.mcu.externaltools.gnu-tools-for-stm32.12.3.rel1.linux64_1.0.100.202403111256/tools/bin/../lib/gcc/arm-none-eabi/12.3.1/../../../../arm-none-eabi/lib/thumb/v7e-m+fp/hard/crt0.o (exit)
/opt/st/stm32cubeide_1.15.0/plugins/com.st.stm32cube.ide.mcu.externaltools.gnu-tools-for-stm32.12.3.rel1.linux64_1.0.100.202403111256/tools/bin/../lib/gcc/arm-none-eabi/12.3.1/../../../../arm-none-eabi/lib/thumb/v7e-m+fp/hard/libc_nano.a(libc_a-findfp.o)
                              ./ThirdParty/FreeRTOS/tasks.o (__sf)
/opt/st/stm32cubeide_1.15.0/plugins/com.st.stm32cube.ide.mcu.externaltools.gnu-tools-for-stm32.12.3.rel1.linux64_1.0.100.202403111256/tools/bin/../lib/gcc/arm-none-eabi/12.3.1/../../../../arm-none-eabi/lib/thumb/v7e-m+fp/hard/libc_nano.a(libc_a-fwalk.o)
                              /opt/st/stm32cubeide_1.15.0/plugins/com.st.stm32cube.ide.mcu.externaltools.gnu-tools-for-stm32.12.3.rel1.linux64_1.0.100.202403111256/tools/bin/../lib/gcc/arm-none-eabi/12.3.1/../../../../arm-none-eabi/lib/thumb/v7e-m+fp/hard/libc_nano.a(libc_a-findfp.o) (_fwalk_sglue)
/opt/st/stm32cubeide_1.15.0/plugins/com.st.stm32cube.ide.mcu.externaltools.gnu-tools-for-stm32.12.3.rel1.linux64_1.0.100.202403111256/tools/bin/../lib/gcc/arm-none-eabi/12.3.1/../../../../arm-none-eabi/lib/thumb/v7e-m+fp/hard/libc_nano.a(libc_a-stdio.o)
                              /opt/st/stm32cubeide_1.15.0/plugins/com.st.stm32cube.ide.mcu.externaltools.gnu-tools-for-stm32.12.3.rel1.linux64_1.0.100.202403111256/tools/bin/../lib/gcc/arm-none-eabi/12.3.1/../../../../arm-none-eabi/lib/thumb/v7e-m+fp/hard/libc_nano.a(libc_a-findfp.o) (__sread)
/opt/st/stm32cubeide_1.15.0/plugins/com.st.stm32cube.ide.mcu.externaltools.gnu-tools-for-stm32.12.3.rel1.linux64_1.0.100.202403111256/tools/bin/../lib/gcc/arm-none-eabi/12.3.1/../../../../arm-none-eabi/lib/thumb/v7e-m+fp/hard/libc_nano.a(libc_a-memset.o)
                              /opt/st/stm32cubeide_1.15.0/plugins/com.st.stm32cube.ide.mcu.externaltools.gnu-tools-for-stm32.12.3.rel1.linux64_1.0.100.202403111256/tools/bin/../lib/gcc/arm-none-eabi/12.3.1/../../../../arm-none-eabi/lib/thumb/v7e-m+fp/hard/crt0.o (memset)
/opt/st/stm32cubeide_1.15.0/plugins/com.st.stm32cube.ide.mcu.externaltools.gnu-tools-for-stm32.12.3.rel1.linux64_1.0.100.202403111256/tools/bin/../lib/gcc/arm-none-eabi/12.3.1/../../../../arm-none-eabi/lib/thumb/v7e-m+fp/hard/libc_nano.a(libc_a-strupr.o)
                              ./Src/main.o (strupr)
/opt/st/stm32cubeide_1.15.0/plugins/com.st.stm32cube.ide.mcu.externaltools.gnu-tools-for-stm32.12.3.rel1.linux64_1.0.100.202403111256/tools/bin/../lib/gcc/arm-none-eabi/12.3.1/../../../../arm-none-eabi/lib/thumb/v7e-m+fp/hard/libc_nano.a(libc_a-closer.o)
                              /opt/st/stm32cubeide_1.15.0/plugins/com.st.stm32cube.ide.mcu.externaltools.gnu-tools-for-stm32.12.3.rel1.linux64_1.0.100.202403111256/tools/bin/../lib/gcc/arm-none-eabi/12.3.1/../../../../arm-none-eabi/lib/thumb/v7e-m+fp/hard/libc_nano.a(libc_a-stdio.o) (_close_r)
/opt/st/stm32cubeide_1.15.0/plugins/com.st.stm32cube.ide.mcu.externaltools.gnu-tools-for-stm32.12.3.rel1.linux64_1.0.100.202403111256/tools/bin/../lib/gcc/arm-none-eabi/12.3.1/../../../../arm-none-eabi/lib/thumb/v7e-m+fp/hard/libc_nano.a(libc_a-reent.o)
                              ./ThirdParty/FreeRTOS/tasks.o (_reclaim_reent)
/opt/st/stm32cubeide_1.15.0/plugins/com.st.stm32cube.ide.mcu.externaltools.gnu-tools-for-stm32.12.3.rel1.linux64_1.0.100.202403111256/tools/bin/../lib/gcc/arm-none-eabi/12.3.1/../../../../arm-none-eabi/lib/thumb/v7e-m+fp/hard/libc_nano.a(libc_a-impure.o)
                              ./ThirdParty/FreeRTOS/tasks.o (_impure_ptr)
/opt/st/stm32cubeide_1.15.0/plugins/com.st.stm32cube.ide.mcu.externaltools.gnu-tools-for-stm32.12.3.rel1.linux64_1.0.100.202403111256/tools/bin/../lib/gcc/arm-none-eabi/12.3.1/../../../../arm-none-eabi/lib/thumb/v7e-m+fp/hard/libc_nano.a(libc_a-lseekr.o)
                              /opt/st/stm32cubeide_1.15.0/plugins/com.st.stm32cube.ide.mcu.externaltools.gnu-tools-for-stm32.12.3.rel1.linux64_1.0.100.202403111256/tools/bin/../lib/gcc/arm-none-eabi/12.3.1/../../../../arm-none-eabi/lib/thumb/v7e-m+fp/hard/libc_nano.a(libc_a-stdio.o) (_lseek_r)
/opt/st/stm32cubeide_1.15.0/plugins/com.st.stm32cube.ide.mcu.externaltools.gnu-tools-for-stm32.12.3.rel1.linux64_1.0.100.202403111256/tools/bin/../lib/gcc/arm-none-eabi/12.3.1/../../../../arm-none-eabi/lib/thumb/v7e-m+fp/hard/libc_nano.a(libc_a-readr.o)
[...]
Memory Configuration

Name             Origin             Length             Attributes
CCMRAM           0x10000000         0x00010000         xrw
RAM              0x20000000         0x00020000         xrw
FLASH            0x08000000         0x00100000         xr
*default*        0x00000000         0xffffffff

Linker script and memory map

LOAD /opt/st/stm32cubeide_1.15.0/plugins/com.st.stm32cube.ide.mcu.externaltools.gnu-tools-for-stm32.12.3.rel1.linux64_1.0.100.202403111256/tools/bin/../lib/gcc/arm-none-eabi/12.3.1/thumb/v7e-m+fp/hard/crti.o
LOAD /opt/st/stm32cubeide_1.15.0/plugins/com.st.stm32cube.ide.mcu.externaltools.gnu-tools-for-stm32.12.3.rel1.linux64_1.0.100.202403111256/tools/bin/../lib/gcc/arm-none-eabi/12.3.1/thumb/v7e-m+fp/hard/crtbegin.o
LOAD /opt/st/stm32cubeide_1.15.0/plugins/com.st.stm32cube.ide.mcu.externaltools.gnu-tools-for-stm32.12.3.rel1.linux64_1.0.100.202403111256/tools/bin/../lib/gcc/arm-none-eabi/12.3.1/../../../../arm-none-eabi/lib/thumb/v7e-m+fp/hard/crt0.o
LOAD ./Src/itm.o
LOAD ./Src/main.o
LOAD ./Src/syscalls.o
LOAD ./Src/sysmem.o
LOAD ./Src/system_stm32f4xx.o
LOAD ./Src/uart.o
LOAD ./Startup/startup_stm32f407vgtx.o
LOAD ./ThirdParty/FreeRTOS/croutine.o
LOAD ./ThirdParty/FreeRTOS/event_groups.o
LOAD ./ThirdParty/FreeRTOS/list.o
LOAD ./ThirdParty/FreeRTOS/queue.o
LOAD ./ThirdParty/FreeRTOS/stream_buffer.o
LOAD ./ThirdParty/FreeRTOS/tasks.o
LOAD ./ThirdParty/FreeRTOS/timers.o
LOAD ./ThirdParty/FreeRTOS/portable/GCC/ARM_CM4F/port.o
LOAD ./ThirdParty/FreeRTOS/portable/MemMang/heap_4.o
START GROUP
LOAD /opt/st/stm32cubeide_1.15.0/plugins/com.st.stm32cube.ide.mcu.externaltools.gnu-tools-for-stm32.12.3.rel1.linux64_1.0.100.202403111256/tools/bin/../lib/gcc/arm-none-eabi/12.3.1/../../../../arm-none-eabi/lib/thumb/v7e-m+fp/hard/libc_nano.a
LOAD /opt/st/stm32cubeide_1.15.0/plugins/com.st.stm32cube.ide.mcu.externaltools.gnu-tools-for-stm32.12.3.rel1.linux64_1.0.100.202403111256/tools/bin/../lib/gcc/arm-none-eabi/12.3.1/../../../../arm-none-eabi/lib/thumb/v7e-m+fp/hard/libm.a
END GROUP
START GROUP
LOAD /opt/st/stm32cubeide_1.15.0/plugins/com.st.stm32cube.ide.mcu.externaltools.gnu-tools-for-stm32.12.3.rel1.linux64_1.0.100.202403111256/tools/bin/../lib/gcc/arm-none-eabi/12.3.1/thumb/v7e-m+fp/hard/libgcc.a
LOAD /opt/st/stm32cubeide_1.15.0/plugins/com.st.stm32cube.ide.mcu.externaltools.gnu-tools-for-stm32.12.3.rel1.linux64_1.0.100.202403111256/tools/bin/../lib/gcc/arm-none-eabi/12.3.1/../../../../arm-none-eabi/lib/thumb/v7e-m+fp/hard/libc_nano.a
END GROUP
START GROUP
LOAD /opt/st/stm32cubeide_1.15.0/plugins/com.st.stm32cube.ide.mcu.externaltools.gnu-tools-for-stm32.12.3.rel1.linux64_1.0.100.202403111256/tools/bin/../lib/gcc/arm-none-eabi/12.3.1/thumb/v7e-m+fp/hard/libgcc.a
LOAD /opt/st/stm32cubeide_1.15.0/plugins/com.st.stm32cube.ide.mcu.externaltools.gnu-tools-for-stm32.12.3.rel1.linux64_1.0.100.202403111256/tools/bin/../lib/gcc/arm-none-eabi/12.3.1/../../../../arm-none-eabi/lib/thumb/v7e-m+fp/hard/libc_nano.a
LOAD /opt/st/stm32cubeide_1.15.0/plugins/com.st.stm32cube.ide.mcu.externaltools.gnu-tools-for-stm32.12.3.rel1.linux64_1.0.100.202403111256/tools/bin/../lib/gcc/arm-none-eabi/12.3.1/../../../../arm-none-eabi/lib/thumb/v7e-m+fp/hard/libnosys.a
END GROUP
START GROUP
LOAD /opt/st/stm32cubeide_1.15.0/plugins/com.st.stm32cube.ide.mcu.externaltools.gnu-tools-for-stm32.12.3.rel1.linux64_1.0.100.202403111256/tools/bin/../lib/gcc/arm-none-eabi/12.3.1/thumb/v7e-m+fp/hard/libgcc.a
LOAD /opt/st/stm32cubeide_1.15.0/plugins/com.st.stm32cube.ide.mcu.externaltools.gnu-tools-for-stm32.12.3.rel1.linux64_1.0.100.202403111256/tools/bin/../lib/gcc/arm-none-eabi/12.3.1/../../../../arm-none-eabi/lib/thumb/v7e-m+fp/hard/libc_nano.a
LOAD /opt/st/stm32cubeide_1.15.0/plugins/com.st.stm32cube.ide.mcu.externaltools.gnu-tools-for-stm32.12.3.rel1.linux64_1.0.100.202403111256/tools/bin/../lib/gcc/arm-none-eabi/12.3.1/../../../../arm-none-eabi/lib/thumb/v7e-m+fp/hard/libnosys.a
END GROUP
LOAD /opt/st/stm32cubeide_1.15.0/plugins/com.st.stm32cube.ide.mcu.externaltools.gnu-tools-for-stm32.12.3.rel1.linux64_1.0.100.202403111256/tools/bin/../lib/gcc/arm-none-eabi/12.3.1/thumb/v7e-m+fp/hard/crtend.o
LOAD /opt/st/stm32cubeide_1.15.0/plugins/com.st.stm32cube.ide.mcu.externaltools.gnu-tools-for-stm32.12.3.rel1.linux64_1.0.100.202403111256/tools/bin/../lib/gcc/arm-none-eabi/12.3.1/thumb/v7e-m+fp/hard/crtn.o
                0x20020000                        _estack = (ORIGIN (RAM) + LENGTH (RAM))
                0x00000200                        _Min_Heap_Size = 0x200
                0x00000400                        _Min_Stack_Size = 0x400

.isr_vector     0x08000000      0x188
                0x08000000                        . = ALIGN (0x4)
 *(.isr_vector)
 .isr_vector    0x08000000      0x188 ./Startup/startup_stm32f407vgtx.o
                0x08000000                g_pfnVectors
                0x08000188                        . = ALIGN (0x4)

.text           0x08000190     0x1678
                0x08000190                        . = ALIGN (0x4)
 *(.text)
 .text          0x08000190       0x40 /opt/st/stm32cubeide_1.15.0/plugins/com.st.stm32cube.ide.mcu.externaltools.gnu-tools-for-stm32.12.3.rel1.linux64_1.0.100.202403111256/tools/bin/../lib/gcc/arm-none-eabi/12.3.1/thumb/v7e-m+fp/hard/crtbegin.o
 *(.text*)
 .text.vUartPeriodicTask
                0x080001d0       0x2a ./Src/main.o
                0x080001d0                vUartPeriodicTask
 *fill*         0x080001fa        0x2 
 .text.main     0x080001fc       0x40 ./Src/main.o
                0x080001fc                main
 .text.SystemInit
                0x0800023c        0xc ./Src/system_stm32f4xx.o
                0x0800023c                SystemInit
 .text.DWT_Init
                0x08000248       0x60 ./Src/system_stm32f4xx.o
                0x08000248                DWT_Init
 .text.UartInit
                0x080002a8       0xdc ./Src/uart.o
                0x080002a8                UartInit
 .text.UartPutch
                0x08000384       0x30 ./Src/uart.o
                0x08000384                UartPutch
 .text.UartGetch
                0x080003b4       0x2c ./Src/uart.o
                0x080003b4                UartGetch
 .text.UartPuts
                0x080003e0       0x38 ./Src/uart.o
                0x080003e0                UartPuts
 .text.UartGets
                0x08000418       0x4c ./Src/uart.o
                0x08000418                UartGets
 .text.Reset_Handler
                0x08000464       0x50 ./Startup/startup_stm32f407vgtx.o
                0x08000464                Reset_Handler
 .text.Default_Handler
                0x080004b4        0x2 ./Startup/startup_stm32f407vgtx.o
                0x080004b4                RTC_Alarm_IRQHandler
                0x080004b4                HASH_RNG_IRQHandler
                0x080004b4                EXTI2_IRQHandler
                0x080004b4                TIM8_CC_IRQHandler
                0x080004b4                DebugMon_Handler
                0x080004b4                TIM1_CC_IRQHandler
                0x080004b4                DMA2_Stream5_IRQHandler
                0x080004b4                HardFault_Handler
                0x080004b4                DMA1_Stream5_IRQHandler
                0x080004b4                PVD_IRQHandler
                0x080004b4                SDIO_IRQHandler
                0x080004b4                TAMP_STAMP_IRQHandler
                0x080004b4                NMI_Handler
                0x080004b4                CAN2_RX1_IRQHandler
                0x080004b4                EXTI3_IRQHandler
                0x080004b4                TIM8_TRG_COM_TIM14_IRQHandler
                0x080004b4                TIM1_UP_TIM10_IRQHandler
                0x080004b4                TIM8_UP_TIM13_IRQHandler
                0x080004b4                I2C3_ER_IRQHandler
                0x080004b4                EXTI0_IRQHandler
                0x080004b4                I2C2_EV_IRQHandler
                0x080004b4                DMA1_Stream2_IRQHandler
                0x080004b4                CAN1_RX0_IRQHandler
                0x080004b4                FPU_IRQHandler
                0x080004b4                OTG_HS_WKUP_IRQHandler
                0x080004b4                UsageFault_Handler
                0x080004b4                CAN2_SCE_IRQHandler
                0x080004b4                DMA2_Stream2_IRQHandler
                0x080004b4                SPI1_IRQHandler
                0x080004b4                TIM6_DAC_IRQHandler
                0x080004b4                TIM1_BRK_TIM9_IRQHandler
                0x080004b4                DCMI_IRQHandler
                0x080004b4                CAN2_RX0_IRQHandler
                0x080004b4                DMA2_Stream3_IRQHandler
                0x080004b4                USART6_IRQHandler
                0x080004b4                USART3_IRQHandler
                0x080004b4                CRYP_IRQHandler
                0x080004b4                CAN1_RX1_IRQHandler
                0x080004b4                UART5_IRQHandler
                0x080004b4                DMA2_Stream0_IRQHandler
                0x080004b4                TIM4_IRQHandler
                0x080004b4                I2C1_EV_IRQHandler
                0x080004b4                DMA1_Stream6_IRQHandler
                0x080004b4                DMA1_Stream1_IRQHandler
                0x080004b4                UART4_IRQHandler
                0x080004b4                TIM3_IRQHandler
                0x080004b4                RCC_IRQHandler
                0x080004b4                TIM8_BRK_TIM12_IRQHandler
                0x080004b4                Default_Handler
                0x080004b4                EXTI15_10_IRQHandler
                0x080004b4                ADC_IRQHandler
                0x080004b4                DMA1_Stream7_IRQHandler
                0x080004b4                TIM7_IRQHandler
                0x080004b4                CAN2_TX_IRQHandler
                0x080004b4                TIM5_IRQHandler
                0x080004b4                DMA2_Stream7_IRQHandler
                0x080004b4                I2C3_EV_IRQHandler
                0x080004b4                EXTI9_5_IRQHandler
                0x080004b4                RTC_WKUP_IRQHandler
                0x080004b4                ETH_WKUP_IRQHandler
                0x080004b4                SPI2_IRQHandler
                0x080004b4                OTG_HS_EP1_IN_IRQHandler
                0x080004b4                MemManage_Handler
                0x080004b4                DMA1_Stream0_IRQHandler
                0x080004b4                CAN1_TX_IRQHandler
                0x080004b4                EXTI4_IRQHandler
                0x080004b4                FSMC_IRQHandler
                0x080004b4                ETH_IRQHandler
                0x080004b4                OTG_HS_EP1_OUT_IRQHandler
                0x080004b4                WWDG_IRQHandler
                0x080004b4                TIM2_IRQHandler
                0x080004b4                OTG_FS_WKUP_IRQHandler
                0x080004b4                TIM1_TRG_COM_TIM11_IRQHandler
                0x080004b4                OTG_HS_IRQHandler
                0x080004b4                EXTI1_IRQHandler
                0x080004b4                USART2_IRQHandler
                0x080004b4                I2C2_ER_IRQHandler
                0x080004b4                DMA2_Stream1_IRQHandler
                0x080004b4                CAN1_SCE_IRQHandler
                0x080004b4                DMA2_Stream4_IRQHandler
                0x080004b4                BusFault_Handler
                0x080004b4                USART1_IRQHandler
                0x080004b4                OTG_FS_IRQHandler
                0x080004b4                SPI3_IRQHandler
                0x080004b4                DMA1_Stream4_IRQHandler
                0x080004b4                I2C1_ER_IRQHandler
                0x080004b4                DMA2_Stream6_IRQHandler
                0x080004b4                DMA1_Stream3_IRQHandler
 .text.vListInitialise
                0x080004b6       0x40 ./ThirdParty/FreeRTOS/list.o
                0x080004b6                vListInitialise
 .text.vListInitialiseItem
                0x080004f6       0x1a ./ThirdParty/FreeRTOS/list.o
                0x080004f6                vListInitialiseItem
 .text.vListInsertEnd
                0x08000510       0x48 ./ThirdParty/FreeRTOS/list.o
                0x08000510                vListInsertEnd
 .text.uxListRemove
                0x08000558       0x54 ./ThirdParty/FreeRTOS/list.o
                0x08000558                uxListRemove
 .text.xTaskCreate
                0x080005ac       0x82 ./ThirdParty/FreeRTOS/tasks.o
                0x080005ac                xTaskCreate
 *fill*         0x0800062e        0x2 
 .text.prvInitialiseNewTask
                0x08000630      0x14c ./ThirdParty/FreeRTOS/tasks.o
 .text.prvAddNewTaskToReadyList
                0x0800077c       0xd4 ./ThirdParty/FreeRTOS/tasks.o
 .text.vTaskStartScheduler
                0x08000850       0xac ./ThirdParty/FreeRTOS/tasks.o
                0x08000850                vTaskStartScheduler
 .text.vTaskSuspendAll
                0x080008fc       0x1c ./ThirdParty/FreeRTOS/tasks.o
                0x080008fc                vTaskSuspendAll
 .text.xTaskResumeAll
                0x08000918      0x13c ./ThirdParty/FreeRTOS/tasks.o
                0x08000918                xTaskResumeAll
 .text.xTaskIncrementTick
                0x08000a54      0x174 ./ThirdParty/FreeRTOS/tasks.o
                0x08000a54                xTaskIncrementTick
 .text.vTaskSwitchContext
                0x08000bc8       0xc8 ./ThirdParty/FreeRTOS/tasks.o
                0x08000bc8                vTaskSwitchContext
 .text.prvIdleTask
                0x08000c90       0x30 ./ThirdParty/FreeRTOS/tasks.o
 .text.prvInitialiseTaskLists
                0x08000cc0       0x80 ./ThirdParty/FreeRTOS/tasks.o
 .text.prvCheckTasksWaitingTermination
                0x08000d40       0x5c ./ThirdParty/FreeRTOS/tasks.o
 .text.prvDeleteTCB
                0x08000d9c       0x2a ./ThirdParty/FreeRTOS/tasks.o
 *fill*         0x08000dc6        0x2 
 .text.prvResetNextTaskUnblockTime
                0x08000dc8       0x38 ./ThirdParty/FreeRTOS/tasks.o
 .text.pxPortInitialiseStack
                0x08000e00       0x68 ./ThirdParty/FreeRTOS/portable/GCC/ARM_CM4F/port.o
                0x08000e00                pxPortInitialiseStack
 .text.prvTaskExitError
                0x08000e68       0x5c ./ThirdParty/FreeRTOS/portable/GCC/ARM_CM4F/port.o
 *fill*         0x08000ec4        0xc 
 .text.SVC_Handler
                0x08000ed0       0x28 ./ThirdParty/FreeRTOS/portable/GCC/ARM_CM4F/port.o
                0x08000ed0                SVC_Handler
 .text.prvPortStartFirstTask
                0x08000ef8       0x2c ./ThirdParty/FreeRTOS/portable/GCC/ARM_CM4F/port.o
 .text.xPortStartScheduler
                0x08000f24      0x148 ./ThirdParty/FreeRTOS/portable/GCC/ARM_CM4F/port.o
                0x08000f24                xPortStartScheduler
 .text.vPortEnterCritical
                0x0800106c       0x64 ./ThirdParty/FreeRTOS/portable/GCC/ARM_CM4F/port.o
                0x0800106c                vPortEnterCritical
 .text.vPortExitCritical
                0x080010d0       0x54 ./ThirdParty/FreeRTOS/portable/GCC/ARM_CM4F/port.o
                0x080010d0                vPortExitCritical
 *fill*         0x08001124        0xc 
 .text.PendSV_Handler
                0x08001130       0x68 ./ThirdParty/FreeRTOS/portable/GCC/ARM_CM4F/port.o
                0x08001130                PendSV_Handler
 .text.SysTick_Handler
                0x08001198       0x44 ./ThirdParty/FreeRTOS/portable/GCC/ARM_CM4F/port.o
                0x08001198                SysTick_Handler
 .text.vPortSetupTimerInterrupt
                0x080011dc       0x48 ./ThirdParty/FreeRTOS/portable/GCC/ARM_CM4F/port.o
                0x080011dc                vPortSetupTimerInterrupt
 .text.vPortEnableVFP
                0x08001224       0x18 ./ThirdParty/FreeRTOS/portable/GCC/ARM_CM4F/port.o
 .text.pvPortMalloc
                0x0800123c      0x19c ./ThirdParty/FreeRTOS/portable/MemMang/heap_4.o
                0x0800123c                pvPortMalloc
 .text.vPortFree
                0x080013d8       0xc8 ./ThirdParty/FreeRTOS/portable/MemMang/heap_4.o
                0x080013d8                vPortFree
 .text.prvHeapInit
                0x080014a0       0xc4 ./ThirdParty/FreeRTOS/portable/MemMang/heap_4.o
 .text.prvInsertBlockIntoFreeList
                0x08001564       0xb4 ./ThirdParty/FreeRTOS/portable/MemMang/heap_4.o
 .text.memset   0x08001618       0x10 /opt/st/stm32cubeide_1.15.0/plugins/com.st.stm32cube.ide.mcu.externaltools.gnu-tools-for-stm32.12.3.rel1.linux64_1.0.100.202403111256/tools/bin/../lib/gcc/arm-none-eabi/12.3.1/../../../../arm-none-eabi/lib/thumb/v7e-m+fp/hard/libc_nano.a(libc_a-memset.o)
                0x08001618                memset
 .text.strupr   0x08001628       0x24 /opt/st/stm32cubeide_1.15.0/plugins/com.st.stm32cube.ide.mcu.externaltools.gnu-tools-for-stm32.12.3.rel1.linux64_1.0.100.202403111256/tools/bin/../lib/gcc/arm-none-eabi/12.3.1/../../../../arm-none-eabi/lib/thumb/v7e-m+fp/hard/libc_nano.a(libc_a-strupr.o)
                0x08001628                strupr
 .text._reclaim_reent
                0x0800164c       0xac /opt/st/stm32cubeide_1.15.0/plugins/com.st.stm32cube.ide.mcu.externaltools.gnu-tools-for-stm32.12.3.rel1.linux64_1.0.100.202403111256/tools/bin/../lib/gcc/arm-none-eabi/12.3.1/../../../../arm-none-eabi/lib/thumb/v7e-m+fp/hard/libc_nano.a(libc_a-reent.o)
                0x0800164c                _reclaim_reent
 .text.__libc_init_array
                0x080016f8       0x48 /opt/st/stm32cubeide_1.15.0/plugins/com.st.stm32cube.ide.mcu.externaltools.gnu-tools-for-stm32.12.3.rel1.linux64_1.0.100.202403111256/tools/bin/../lib/gcc/arm-none-eabi/12.3.1/../../../../arm-none-eabi/lib/thumb/v7e-m+fp/hard/libc_nano.a(libc_a-init.o)
                0x080016f8                __libc_init_array
 .text.__retarget_lock_acquire_recursive
                0x08001740        0x2 /opt/st/stm32cubeide_1.15.0/plugins/com.st.stm32cube.ide.mcu.externaltools.gnu-tools-for-stm32.12.3.rel1.linux64_1.0.100.202403111256/tools/bin/../lib/gcc/arm-none-eabi/12.3.1/../../../../arm-none-eabi/lib/thumb/v7e-m+fp/hard/libc_nano.a(libc_a-lock.o)
                0x08001740                __retarget_lock_acquire_recursive
 .text.__retarget_lock_release_recursive
                0x08001742        0x2 /opt/st/stm32cubeide_1.15.0/plugins/com.st.stm32cube.ide.mcu.externaltools.gnu-tools-for-stm32.12.3.rel1.linux64_1.0.100.202403111256/tools/bin/../lib/gcc/arm-none-eabi/12.3.1/../../../../arm-none-eabi/lib/thumb/v7e-m+fp/hard/libc_nano.a(libc_a-lock.o)
                0x08001742                __retarget_lock_release_recursive
 .text._free_r  0x08001744       0x94 /opt/st/stm32cubeide_1.15.0/plugins/com.st.stm32cube.ide.mcu.externaltools.gnu-tools-for-stm32.12.3.rel1.linux64_1.0.100.202403111256/tools/bin/../lib/gcc/arm-none-eabi/12.3.1/../../../../arm-none-eabi/lib/thumb/v7e-m+fp/hard/libc_nano.a(libc_a-freer.o)
                0x08001744                _free_r
 .text.__malloc_lock
                0x080017d8        0xc /opt/st/stm32cubeide_1.15.0/plugins/com.st.stm32cube.ide.mcu.externaltools.gnu-tools-for-stm32.12.3.rel1.linux64_1.0.100.202403111256/tools/bin/../lib/gcc/arm-none-eabi/12.3.1/../../../../arm-none-eabi/lib/thumb/v7e-m+fp/hard/libc_nano.a(libc_a-mlock.o)
                0x080017d8                __malloc_lock
 .text.__malloc_unlock
                0x080017e4        0xc /opt/st/stm32cubeide_1.15.0/plugins/com.st.stm32cube.ide.mcu.externaltools.gnu-tools-for-stm32.12.3.rel1.linux64_1.0.100.202403111256/tools/bin/../lib/gcc/arm-none-eabi/12.3.1/../../../../arm-none-eabi/lib/thumb/v7e-m+fp/hard/libc_nano.a(libc_a-mlock.o)
                0x080017e4                __malloc_unlock
 *(.glue_7)
 .glue_7        0x080017f0        0x0 linker stubs
 *(.glue_7t)
 .glue_7t       0x080017f0        0x0 linker stubs
 *(.eh_frame)
 .eh_frame      0x080017f0        0x0 /opt/st/stm32cubeide_1.15.0/plugins/com.st.stm32cube.ide.mcu.externaltools.gnu-tools-for-stm32.12.3.rel1.linux64_1.0.100.202403111256/tools/bin/../lib/gcc/arm-none-eabi/12.3.1/thumb/v7e-m+fp/hard/crtbegin.o
 *(.init)
 .init          0x080017f0        0x4 /opt/st/stm32cubeide_1.15.0/plugins/com.st.stm32cube.ide.mcu.externaltools.gnu-tools-for-stm32.12.3.rel1.linux64_1.0.100.202403111256/tools/bin/../lib/gcc/arm-none-eabi/12.3.1/thumb/v7e-m+fp/hard/crti.o
                0x080017f0                _init
 .init          0x080017f4        0x8 /opt/st/stm32cubeide_1.15.0/plugins/com.st.stm32cube.ide.mcu.externaltools.gnu-tools-for-stm32.12.3.rel1.linux64_1.0.100.202403111256/tools/bin/../lib/gcc/arm-none-eabi/12.3.1/thumb/v7e-m+fp/hard/crtn.o
 *(.fini)
 .fini          0x080017fc        0x4 /opt/st/stm32cubeide_1.15.0/plugins/com.st.stm32cube.ide.mcu.externaltools.gnu-tools-for-stm32.12.3.rel1.linux64_1.0.100.202403111256/tools/bin/../lib/gcc/arm-none-eabi/12.3.1/thumb/v7e-m+fp/hard/crti.o
                0x080017fc                _fini
 .fini          0x08001800        0x8 /opt/st/stm32cubeide_1.15.0/plugins/com.st.stm32cube.ide.mcu.externaltools.gnu-tools-for-stm32.12.3.rel1.linux64_1.0.100.202403111256/tools/bin/../lib/gcc/arm-none-eabi/12.3.1/thumb/v7e-m+fp/hard/crtn.o
                0x08001808                        . = ALIGN (0x4)
                0x08001808                        _etext = .

.vfp11_veneer   0x08001808        0x0
 .vfp11_veneer  0x08001808        0x0 linker stubs

.v4_bx          0x08001808        0x0
 .v4_bx         0x08001808        0x0 linker stubs

.iplt           0x08001808        0x0
 .iplt          0x08001808        0x0 /opt/st/stm32cubeide_1.15.0/plugins/com.st.stm32cube.ide.mcu.externaltools.gnu-tools-for-stm32.12.3.rel1.linux64_1.0.100.202403111256/tools/bin/../lib/gcc/arm-none-eabi/12.3.1/thumb/v7e-m+fp/hard/crtbegin.o

.rodata         0x08001808      0x114
                0x08001808                        . = ALIGN (0x4)
 *(.rodata)
 .rodata        0x08001808        0x9 ./Src/main.o
 *fill*         0x08001811        0x3 
 .rodata        0x08001814        0x5 ./ThirdParty/FreeRTOS/tasks.o
 *(.rodata*)
 .rodata._ctype_
                0x08001819      0x101 /opt/st/stm32cubeide_1.15.0/plugins/com.st.stm32cube.ide.mcu.externaltools.gnu-tools-for-stm32.12.3.rel1.linux64_1.0.100.202403111256/tools/bin/../lib/gcc/arm-none-eabi/12.3.1/../../../../arm-none-eabi/lib/thumb/v7e-m+fp/hard/libc_nano.a(libc_a-ctype_.o)
                0x08001819                _ctype_
                0x0800191c                        . = ALIGN (0x4)
 *fill*         0x0800191a        0x2 

.ARM.extab      0x0800191c        0x0
                0x0800191c                        . = ALIGN (0x4)
 *(.ARM.extab* .gnu.linkonce.armextab.*)
                0x0800191c                        . = ALIGN (0x4)

.ARM            0x0800191c        0x0
                0x0800191c                        . = ALIGN (0x4)
                0x0800191c                        __exidx_start = .
 *(.ARM.exidx*)
                0x0800191c                        __exidx_end = .
                0x0800191c                        . = ALIGN (0x4)

.preinit_array  0x0800191c        0x0
                0x0800191c                        . = ALIGN (0x4)
                0x0800191c                        PROVIDE (__preinit_array_start = .)
 *(.preinit_array*)
                0x0800191c                        PROVIDE (__preinit_array_end = .)
                0x0800191c                        . = ALIGN (0x4)

.init_array     0x0800191c        0x4
                0x0800191c                        . = ALIGN (0x4)
                0x0800191c                        PROVIDE (__init_array_start = .)
 *(SORT_BY_NAME(.init_array.*))
 *(.init_array*)
 .init_array    0x0800191c        0x4 /opt/st/stm32cubeide_1.15.0/plugins/com.st.stm32cube.ide.mcu.externaltools.gnu-tools-for-stm32.12.3.rel1.linux64_1.0.100.202403111256/tools/bin/../lib/gcc/arm-none-eabi/12.3.1/thumb/v7e-m+fp/hard/crtbegin.o
                0x08001920                        PROVIDE (__init_array_end = .)
                0x08001920                        . = ALIGN (0x4)

.fini_array     0x08001920        0x4
                0x08001920                        . = ALIGN (0x4)
                [!provide]                        PROVIDE (__fini_array_start = .)
 *(SORT_BY_NAME(.fini_array.*))
 *(.fini_array*)
 .fini_array    0x08001920        0x4 /opt/st/stm32cubeide_1.15.0/plugins/com.st.stm32cube.ide.mcu.externaltools.gnu-tools-for-stm32.12.3.rel1.linux64_1.0.100.202403111256/tools/bin/../lib/gcc/arm-none-eabi/12.3.1/thumb/v7e-m+fp/hard/crtbegin.o
                [!provide]                        PROVIDE (__fini_array_end = .)
                0x08001924                        . = ALIGN (0x4)
                0x08001924                        _sidata = LOADADDR (.data)

.rel.dyn        0x08001924        0x0
 .rel.iplt      0x08001924        0x0 /opt/st/stm32cubeide_1.15.0/plugins/com.st.stm32cube.ide.mcu.externaltools.gnu-tools-for-stm32.12.3.rel1.linux64_1.0.100.202403111256/tools/bin/../lib/gcc/arm-none-eabi/12.3.1/thumb/v7e-m+fp/hard/crtbegin.o

.data           0x20000000       0x5c load address 0x08001924
                0x20000000                        . = ALIGN (0x4)
                0x20000000                        _sdata = .
 *(.data)
 *(.data*)
 .data.SystemCoreClock
                0x20000000        0x4 ./Src/system_stm32f4xx.o
                0x20000000                SystemCoreClock
 .data.uxTopUsedPriority
                0x20000004        0x4 ./ThirdParty/FreeRTOS/tasks.o
                0x20000004                uxTopUsedPriority
 .data.uxCriticalNesting
                0x20000008        0x4 ./ThirdParty/FreeRTOS/portable/GCC/ARM_CM4F/port.o
 .data._impure_ptr
                0x2000000c        0x4 /opt/st/stm32cubeide_1.15.0/plugins/com.st.stm32cube.ide.mcu.externaltools.gnu-tools-for-stm32.12.3.rel1.linux64_1.0.100.202403111256/tools/bin/../lib/gcc/arm-none-eabi/12.3.1/../../../../arm-none-eabi/lib/thumb/v7e-m+fp/hard/libc_nano.a(libc_a-impure.o)
                0x2000000c                _impure_ptr
 .data._impure_data
                0x20000010       0x4c /opt/st/stm32cubeide_1.15.0/plugins/com.st.stm32cube.ide.mcu.externaltools.gnu-tools-for-stm32.12.3.rel1.linux64_1.0.100.202403111256/tools/bin/../lib/gcc/arm-none-eabi/12.3.1/../../../../arm-none-eabi/lib/thumb/v7e-m+fp/hard/libc_nano.a(libc_a-impure.o)
                0x20000010                _impure_data
 *(.RamFunc)
 *(.RamFunc*)
                0x2000005c                        . = ALIGN (0x4)
                0x2000005c                        _edata = .
                0x08001980                        _siccmram = LOADADDR (.ccmram)

.igot.plt       0x2000005c        0x0 load address 0x08001980
 .igot.plt      0x2000005c        0x0 /opt/st/stm32cubeide_1.15.0/plugins/com.st.stm32cube.ide.mcu.externaltools.gnu-tools-for-stm32.12.3.rel1.linux64_1.0.100.202403111256/tools/bin/../lib/gcc/arm-none-eabi/12.3.1/thumb/v7e-m+fp/hard/crtbegin.o

.ccmram         0x10000000        0x0 load address 0x08001980
                0x10000000                        . = ALIGN (0x4)
                0x10000000                        _sccmram = .
 *(.ccmram)
 *(.ccmram*)
                0x10000000                        . = ALIGN (0x4)
                0x10000000                        _eccmram = .
                0x10000000                        . = ALIGN (0x4)

.bss            0x2000005c     0x3eb0
                0x2000005c                        _sbss = .
                0x2000005c                        __bss_start__ = _sbss
 *(.bss)
 .bss           0x2000005c       0x1c /opt/st/stm32cubeide_1.15.0/plugins/com.st.stm32cube.ide.mcu.externaltools.gnu-tools-for-stm32.12.3.rel1.linux64_1.0.100.202403111256/tools/bin/../lib/gcc/arm-none-eabi/12.3.1/thumb/v7e-m+fp/hard/crtbegin.o
 *(.bss*)
 .bss.pxCurrentTCB
                0x20000078        0x4 ./ThirdParty/FreeRTOS/tasks.o
                0x20000078                pxCurrentTCB
 .bss.pxReadyTasksLists
                0x2000007c       0x8c ./ThirdParty/FreeRTOS/tasks.o
 .bss.xDelayedTaskList1
                0x20000108       0x14 ./ThirdParty/FreeRTOS/tasks.o
 .bss.xDelayedTaskList2
                0x2000011c       0x14 ./ThirdParty/FreeRTOS/tasks.o
 .bss.pxDelayedTaskList
                0x20000130        0x4 ./ThirdParty/FreeRTOS/tasks.o
 .bss.pxOverflowDelayedTaskList
                0x20000134        0x4 ./ThirdParty/FreeRTOS/tasks.o
 .bss.xPendingReadyList
                0x20000138       0x14 ./ThirdParty/FreeRTOS/tasks.o
 .bss.xTasksWaitingTermination
                0x2000014c       0x14 ./ThirdParty/FreeRTOS/tasks.o
 .bss.uxDeletedTasksWaitingCleanUp
                0x20000160        0x4 ./ThirdParty/FreeRTOS/tasks.o
 .bss.xSuspendedTaskList
                0x20000164       0x14 ./ThirdParty/FreeRTOS/tasks.o
 .bss.uxCurrentNumberOfTasks
                0x20000178        0x4 ./ThirdParty/FreeRTOS/tasks.o
 .bss.xTickCount
                0x2000017c        0x4 ./ThirdParty/FreeRTOS/tasks.o
 .bss.uxTopReadyPriority
                0x20000180        0x4 ./ThirdParty/FreeRTOS/tasks.o
 .bss.xSchedulerRunning
                0x20000184        0x4 ./ThirdParty/FreeRTOS/tasks.o
 .bss.xPendedTicks
                0x20000188        0x4 ./ThirdParty/FreeRTOS/tasks.o
 .bss.xYieldPending
                0x2000018c        0x4 ./ThirdParty/FreeRTOS/tasks.o
 .bss.xNumOfOverflows
                0x20000190        0x4 ./ThirdParty/FreeRTOS/tasks.o
 .bss.uxTaskNumber
                0x20000194        0x4 ./ThirdParty/FreeRTOS/tasks.o
 .bss.xNextTaskUnblockTime
                0x20000198        0x4 ./ThirdParty/FreeRTOS/tasks.o
 .bss.xIdleTaskHandle
                0x2000019c        0x4 ./ThirdParty/FreeRTOS/tasks.o
 .bss.uxSchedulerSuspended
                0x200001a0        0x4 ./ThirdParty/FreeRTOS/tasks.o
 .bss.ucMaxSysCallPriority
                0x200001a4        0x1 ./ThirdParty/FreeRTOS/portable/GCC/ARM_CM4F/port.o
 *fill*         0x200001a5        0x3 
 .bss.ulMaxPRIGROUPValue
                0x200001a8        0x4 ./ThirdParty/FreeRTOS/portable/GCC/ARM_CM4F/port.o
 .bss.ucHeap    0x200001ac     0x3c00 ./ThirdParty/FreeRTOS/portable/MemMang/heap_4.o
 .bss.xStart    0x20003dac        0x8 ./ThirdParty/FreeRTOS/portable/MemMang/heap_4.o
 .bss.pxEnd     0x20003db4        0x4 ./ThirdParty/FreeRTOS/portable/MemMang/heap_4.o
 .bss.xFreeBytesRemaining
                0x20003db8        0x4 ./ThirdParty/FreeRTOS/portable/MemMang/heap_4.o
 .bss.xMinimumEverFreeBytesRemaining
                0x20003dbc        0x4 ./ThirdParty/FreeRTOS/portable/MemMang/heap_4.o
 .bss.xNumberOfSuccessfulAllocations
                0x20003dc0        0x4 ./ThirdParty/FreeRTOS/portable/MemMang/heap_4.o
 .bss.xNumberOfSuccessfulFrees
                0x20003dc4        0x4 ./ThirdParty/FreeRTOS/portable/MemMang/heap_4.o
 .bss.xBlockAllocatedBit
                0x20003dc8        0x4 ./ThirdParty/FreeRTOS/portable/MemMang/heap_4.o
 .bss.__sf      0x20003dcc      0x138 /opt/st/stm32cubeide_1.15.0/plugins/com.st.stm32cube.ide.mcu.externaltools.gnu-tools-for-stm32.12.3.rel1.linux64_1.0.100.202403111256/tools/bin/../lib/gcc/arm-none-eabi/12.3.1/../../../../arm-none-eabi/lib/thumb/v7e-m+fp/hard/libc_nano.a(libc_a-findfp.o)
                0x20003dcc                __sf
 .bss.__lock___malloc_recursive_mutex
                0x20003f04        0x1 /opt/st/stm32cubeide_1.15.0/plugins/com.st.stm32cube.ide.mcu.externaltools.gnu-tools-for-stm32.12.3.rel1.linux64_1.0.100.202403111256/tools/bin/../lib/gcc/arm-none-eabi/12.3.1/../../../../arm-none-eabi/lib/thumb/v7e-m+fp/hard/libc_nano.a(libc_a-lock.o)
                0x20003f04                __lock___malloc_recursive_mutex
 *fill*         0x20003f05        0x3 
 .bss.__malloc_free_list
                0x20003f08        0x4 /opt/st/stm32cubeide_1.15.0/plugins/com.st.stm32cube.ide.mcu.externaltools.gnu-tools-for-stm32.12.3.rel1.linux64_1.0.100.202403111256/tools/bin/../lib/gcc/arm-none-eabi/12.3.1/../../../../arm-none-eabi/lib/thumb/v7e-m+fp/hard/libc_nano.a(libc_a-mallocr.o)
                0x20003f08                __malloc_free_list
 *(COMMON)
                0x20003f0c                        . = ALIGN (0x4)
                0x20003f0c                        _ebss = .
                0x20003f0c                        __bss_end__ = _ebss

._user_heap_stack
                0x20003f0c      0x604
                0x20003f10                        . = ALIGN (0x8)
 *fill*         0x20003f0c        0x4 
                [!provide]                        PROVIDE (end = .)
                0x20003f10                        PROVIDE (_end = .)
                0x20004110                        . = (. + _Min_Heap_Size)
 *fill*         0x20003f10      0x200 
                0x20004510                        . = (. + _Min_Stack_Size)
 *fill*         0x20004110      0x400 
                0x20004510                        . = ALIGN (0x8)

/DISCARD/
 libc.a(*)
 libm.a(*)
 libgcc.a(*)

.ARM.attributes
                0x00000000       0x30
 *(.ARM.attributes)
 .ARM.attributes
                0x00000000       0x22 /opt/st/stm32cubeide_1.15.0/plugins/com.st.stm32cube.ide.mcu.externaltools.gnu-tools-for-stm32.12.3.rel1.linux64_1.0.100.202403111256/tools/bin/../lib/gcc/arm-none-eabi/12.3.1/thumb/v7e-m+fp/hard/crti.o
 .ARM.attributes
                0x00000022       0x34 /opt/st/stm32cubeide_1.15.0/plugins/com.st.stm32cube.ide.mcu.externaltools.gnu-tools-for-stm32.12.3.rel1.linux64_1.0.100.202403111256/tools/bin/../lib/gcc/arm-none-eabi/12.3.1/thumb/v7e-m+fp/hard/crtbegin.o
 .ARM.attributes
                0x00000056       0x34 ./Src/main.o
 .ARM.attributes
                0x0000008a       0x34 ./Src/system_stm32f4xx.o
 .ARM.attributes
                0x000000be       0x34 ./Src/uart.o
 .ARM.attributes
                0x000000f2       0x21 ./Startup/startup_stm32f407vgtx.o
 .ARM.attributes
                0x00000113       0x34 ./ThirdParty/FreeRTOS/list.o
 .ARM.attributes
                0x00000147       0x34 ./ThirdParty/FreeRTOS/tasks.o
 .ARM.attributes
                0x0000017b       0x34 ./ThirdParty/FreeRTOS/portable/GCC/ARM_CM4F/port.o
 .ARM.attributes
                0x000001af       0x34 ./ThirdParty/FreeRTOS/portable/MemMang/heap_4.o
 .ARM.attributes
                0x000001e3       0x34 /opt/st/stm32cubeide_1.15.0/plugins/com.st.stm32cube.ide.mcu.externaltools.gnu-tools-for-stm32.12.3.rel1.linux64_1.0.100.202403111256/tools/bin/../lib/gcc/arm-none-eabi/12.3.1/../../../../arm-none-eabi/lib/thumb/v7e-m+fp/hard/libc_nano.a(libc_a-findfp.o)
 .ARM.attributes
                0x00000217       0x34 /opt/st/stm32cubeide_1.15.0/plugins/com.st.stm32cube.ide.mcu.externaltools.gnu-tools-for-stm32.12.3.rel1.linux64_1.0.100.202403111256/tools/bin/../lib/gcc/arm-none-eabi/12.3.1/../../../../arm-none-eabi/lib/thumb/v7e-m+fp/hard/libc_nano.a(libc_a-memset.o)
 .ARM.attributes
                0x0000024b       0x34 /opt/st/stm32cubeide_1.15.0/plugins/com.st.stm32cube.ide.mcu.externaltools.gnu-tools-for-stm32.12.3.rel1.linux64_1.0.100.202403111256/tools/bin/../lib/gcc/arm-none-eabi/12.3.1/../../../../arm-none-eabi/lib/thumb/v7e-m+fp/hard/libc_nano.a(libc_a-strupr.o)
 .ARM.attributes
                0x0000027f       0x34 /opt/st/stm32cubeide_1.15.0/plugins/com.st.stm32cube.ide.mcu.externaltools.gnu-tools-for-stm32.12.3.rel1.linux64_1.0.100.202403111256/tools/bin/../lib/gcc/arm-none-eabi/12.3.1/../../../../arm-none-eabi/lib/thumb/v7e-m+fp/hard/libc_nano.a(libc_a-reent.o)
 .ARM.attributes
                0x000002b3       0x34 /opt/st/stm32cubeide_1.15.0/plugins/com.st.stm32cube.ide.mcu.externaltools.gnu-tools-for-stm32.12.3.rel1.linux64_1.0.100.202403111256/tools/bin/../lib/gcc/arm-none-eabi/12.3.1/../../../../arm-none-eabi/lib/thumb/v7e-m+fp/hard/libc_nano.a(libc_a-impure.o)
 .ARM.attributes
                0x000002e7       0x34 /opt/st/stm32cubeide_1.15.0/plugins/com.st.stm32cube.ide.mcu.externaltools.gnu-tools-for-stm32.12.3.rel1.linux64_1.0.100.202403111256/tools/bin/../lib/gcc/arm-none-eabi/12.3.1/../../../../arm-none-eabi/lib/thumb/v7e-m+fp/hard/libc_nano.a(libc_a-init.o)
 .ARM.attributes
                0x0000031b       0x34 /opt/st/stm32cubeide_1.15.0/plugins/com.st.stm32cube.ide.mcu.externaltools.gnu-tools-for-stm32.12.3.rel1.linux64_1.0.100.202403111256/tools/bin/../lib/gcc/arm-none-eabi/12.3.1/../../../../arm-none-eabi/lib/thumb/v7e-m+fp/hard/libc_nano.a(libc_a-lock.o)
 .ARM.attributes
                0x0000034f       0x34 /opt/st/stm32cubeide_1.15.0/plugins/com.st.stm32cube.ide.mcu.externaltools.gnu-tools-for-stm32.12.3.rel1.linux64_1.0.100.202403111256/tools/bin/../lib/gcc/arm-none-eabi/12.3.1/../../../../arm-none-eabi/lib/thumb/v7e-m+fp/hard/libc_nano.a(libc_a-freer.o)
 .ARM.attributes
                0x00000383       0x34 /opt/st/stm32cubeide_1.15.0/plugins/com.st.stm32cube.ide.mcu.externaltools.gnu-tools-for-stm32.12.3.rel1.linux64_1.0.100.202403111256/tools/bin/../lib/gcc/arm-none-eabi/12.3.1/../../../../arm-none-eabi/lib/thumb/v7e-m+fp/hard/libc_nano.a(libc_a-mallocr.o)
 .ARM.attributes
                0x000003b7       0x34 /opt/st/stm32cubeide_1.15.0/plugins/com.st.stm32cube.ide.mcu.externaltools.gnu-tools-for-stm32.12.3.rel1.linux64_1.0.100.202403111256/tools/bin/../lib/gcc/arm-none-eabi/12.3.1/../../../../arm-none-eabi/lib/thumb/v7e-m+fp/hard/libc_nano.a(libc_a-mlock.o)
 .ARM.attributes
                0x000003eb       0x34 /opt/st/stm32cubeide_1.15.0/plugins/com.st.stm32cube.ide.mcu.externaltools.gnu-tools-for-stm32.12.3.rel1.linux64_1.0.100.202403111256/tools/bin/../lib/gcc/arm-none-eabi/12.3.1/../../../../arm-none-eabi/lib/thumb/v7e-m+fp/hard/libc_nano.a(libc_a-ctype_.o)
 .ARM.attributes
                0x0000041f       0x22 /opt/st/stm32cubeide_1.15.0/plugins/com.st.stm32cube.ide.mcu.externaltools.gnu-tools-for-stm32.12.3.rel1.linux64_1.0.100.202403111256/tools/bin/../lib/gcc/arm-none-eabi/12.3.1/thumb/v7e-m+fp/hard/crtn.o
OUTPUT(Rtos_Day_Q1.elf elf32-littlearm)
LOAD linker stubs
LOAD /opt/st/stm32cubeide_1.15.0/plugins/com.st.stm32cube.ide.mcu.externaltools.gnu-tools-for-stm32.12.3.rel1.linux64_1.0.100.202403111256/tools/bin/../lib/gcc/arm-none-eabi/12.3.1/../../../../arm-none-eabi/lib/thumb/v7e-m+fp/hard/libc.a
LOAD /opt/st/stm32cubeide_1.15.0/plugins/com.st.stm32cube.ide.mcu.externaltools.gnu-tools-for-stm32.12.3.rel1.linux64_1.0.100.202403111256/tools/bin/../lib/gcc/arm-none-eabi/12.3.1/../../../../arm-none-eabi/lib/thumb/v7e-m+fp/hard/libm.a
LOAD /opt/st/stm32cubeide_1.15.0/plugins/com.st.stm32cube.ide.mcu.externaltools.gnu-tools-for-stm32.12.3.rel1.linux64_1.0.100.202403111256/tools/bin/../lib/gcc/arm-none-eabi/12.3.1/thumb/v7e-m+fp/hard/libgcc.a

.debug_info     0x00000000     0x3adb
 .debug_info    0x00000000      0x20b ./Src/main.o
 .debug_info    0x0000020b      0x53c ./Src/system_stm32f4xx.o
 .debug_info    0x00000747      0x410 ./Src/uart.o
 .debug_info    0x00000b57       0x30 ./Startup/startup_stm32f407vgtx.o
 .debug_info    0x00000b87      0x2af ./ThirdParty/FreeRTOS/list.o
 .debug_info    0x00000e36     0x22ef ./ThirdParty/FreeRTOS/tasks.o
 .debug_info    0x00003125      0x4e1 ./ThirdParty/FreeRTOS/portable/GCC/ARM_CM4F/port.o
 .debug_info    0x00003606      0x4d5 ./ThirdParty/FreeRTOS/portable/MemMang/heap_4.o

.debug_abbrev   0x00000000      0xd33
 .debug_abbrev  0x00000000      0x12f ./Src/main.o
 .debug_abbrev  0x0000012f      0x158 ./Src/system_stm32f4xx.o
 .debug_abbrev  0x00000287      0x149 ./Src/uart.o
 .debug_abbrev  0x000003d0       0x24 ./Startup/startup_stm32f407vgtx.o
 .debug_abbrev  0x000003f4       0xf5 ./ThirdParty/FreeRTOS/list.o
 .debug_abbrev  0x000004e9      0x3d3 ./ThirdParty/FreeRTOS/tasks.o
 .debug_abbrev  0x000008bc      0x25a ./ThirdParty/FreeRTOS/portable/GCC/ARM_CM4F/port.o
 .debug_abbrev  0x00000b16      0x21d ./ThirdParty/FreeRTOS/portable/MemMang/heap_4.o

.debug_aranges  0x00000000      0x398
 .debug_aranges
                0x00000000       0x28 ./Src/main.o
 .debug_aranges
                0x00000028       0x38 ./Src/system_stm32f4xx.o
 .debug_aranges
                0x00000060       0x40 ./Src/uart.o
 .debug_aranges
                0x000000a0       0x28 ./Startup/startup_stm32f407vgtx.o
 .debug_aranges
                0x000000c8       0x40 ./ThirdParty/FreeRTOS/list.o
 .debug_aranges
                0x00000108      0x1b8 ./ThirdParty/FreeRTOS/tasks.o
 .debug_aranges
                0x000002c0       0x80 ./ThirdParty/FreeRTOS/portable/GCC/ARM_CM4F/port.o
 .debug_aranges
                0x00000340       0x58 ./ThirdParty/FreeRTOS/portable/MemMang/heap_4.o

.debug_rnglists
                0x00000000      0x2ad
 .debug_rnglists
                0x00000000       0x19 ./Src/main.o
 .debug_rnglists
                0x00000019       0x26 ./Src/system_stm32f4xx.o
 .debug_rnglists
                0x0000003f       0x2c ./Src/uart.o
 .debug_rnglists
                0x0000006b       0x19 ./Startup/startup_stm32f407vgtx.o
 .debug_rnglists
                0x00000084       0x2b ./ThirdParty/FreeRTOS/list.o
 .debug_rnglists
                0x000000af      0x15f ./ThirdParty/FreeRTOS/tasks.o
 .debug_rnglists
                0x0000020e       0x5d ./ThirdParty/FreeRTOS/portable/GCC/ARM_CM4F/port.o
 .debug_rnglists
                0x0000026b       0x42 ./ThirdParty/FreeRTOS/portable/MemMang/heap_4.o

.debug_macro    0x00000000    0x19380
 .debug_macro   0x00000000      0x26b ./Src/main.o
 .debug_macro   0x0000026b       0x61 ./Src/main.o
 .debug_macro   0x000002cc       0x2a ./Src/main.o
 .debug_macro   0x000002f6       0x43 ./Src/main.o
 .debug_macro   0x00000339       0x34 ./Src/main.o
 .debug_macro   0x0000036d       0x16 ./Src/main.o
 .debug_macro   0x00000383       0x9e ./Src/main.o
 .debug_macro   0x00000421      0x369 ./Src/main.o
 .debug_macro   0x0000078a      0x10b ./Src/main.o
 .debug_macro   0x00000895       0x10 ./Src/main.o
 .debug_macro   0x000008a5       0x16 ./Src/main.o
 .debug_macro   0x000008bb       0x43 ./Src/main.o
 .debug_macro   0x000008fe       0x34 ./Src/main.o
 .debug_macro   0x00000932       0x10 ./Src/main.o
 .debug_macro   0x00000942       0x58 ./Src/main.o
 .debug_macro   0x0000099a       0x8e ./Src/main.o
 .debug_macro   0x00000a28       0x1c ./Src/main.o
 .debug_macro   0x00000a44      0x177 ./Src/main.o
 .debug_macro   0x00000bbb       0x16 ./Src/main.o
 .debug_macro   0x00000bd1       0x16 ./Src/main.o
 .debug_macro   0x00000be7      0x146 ./Src/main.o
 .debug_macro   0x00000d2d       0x16 ./Src/main.o
 .debug_macro   0x00000d43       0x35 ./Src/main.o
 .debug_macro   0x00000d78       0x20 ./Src/main.o
 .debug_macro   0x00000d98       0xf1 ./Src/main.o
 .debug_macro   0x00000e89      0x15a ./Src/main.o
 .debug_macro   0x00000fe3       0xe4 ./Src/main.o
 .debug_macro   0x000010c7       0x1c ./Src/main.o
 .debug_macro   0x000010e3       0x26 ./Src/main.o
 .debug_macro   0x00001109       0x16 ./Src/main.o
 .debug_macro   0x0000111f      0x50c ./Src/main.o
 .debug_macro   0x0000162b       0xb5 ./Src/main.o
 .debug_macro   0x000016e0      0x120 ./Src/main.o
 .debug_macro   0x00001800       0x2e ./Src/main.o
 .debug_macro   0x0000182e       0x2f ./Src/main.o
 .debug_macro   0x0000185d       0x1c ./Src/main.o
 .debug_macro   0x00001879       0x22 ./Src/main.o
 .debug_macro   0x0000189b       0xd9 ./Src/main.o
 .debug_macro   0x00001974     0x102d ./Src/main.o
 .debug_macro   0x000029a1      0x11f ./Src/main.o
 .debug_macro   0x00002ac0       0x11 ./Src/main.o
 .debug_macro   0x00002ad1    0x15e3c ./Src/main.o
 .debug_macro   0x0001890d       0x4a ./Src/main.o
 .debug_macro   0x00018957       0x28 ./Src/main.o
 .debug_macro   0x0001897f       0xe0 ./Src/system_stm32f4xx.o
 .debug_macro   0x00018a5f       0xee ./Src/uart.o
 .debug_macro   0x00018b4d      0x1a5 ./ThirdParty/FreeRTOS/list.o
 .debug_macro   0x00018cf2      0x28b ./ThirdParty/FreeRTOS/tasks.o
 .debug_macro   0x00018f7d       0x10 ./ThirdParty/FreeRTOS/tasks.o
 .debug_macro   0x00018f8d      0x233 ./ThirdParty/FreeRTOS/portable/GCC/ARM_CM4F/port.o
 .debug_macro   0x000191c0      0x1c0 ./ThirdParty/FreeRTOS/portable/MemMang/heap_4.o

.debug_line     0x00000000     0x421d
 .debug_line    0x00000000      0x68d ./Src/main.o
 .debug_line    0x0000068d      0x4d6 ./Src/system_stm32f4xx.o
 .debug_line    0x00000b63      0x544 ./Src/uart.o
 .debug_line    0x000010a7       0x7b ./Startup/startup_stm32f407vgtx.o
 .debug_line    0x00001122      0x699 ./ThirdParty/FreeRTOS/list.o
 .debug_line    0x000017bb     0x1930 ./ThirdParty/FreeRTOS/tasks.o
 .debug_line    0x000030eb      0x874 ./ThirdParty/FreeRTOS/portable/GCC/ARM_CM4F/port.o
 .debug_line    0x0000395f      0x8be ./ThirdParty/FreeRTOS/portable/MemMang/heap_4.o

.debug_str      0x00000000    0x92e5c
 .debug_str     0x00000000    0x8ffec ./Src/main.o
                              0x90223 (size before relaxing)
 .debug_str     0x0008ffec      0x2a2 ./Src/system_stm32f4xx.o
                              0x87de8 (size before relaxing)
 .debug_str     0x0009028e       0x8d ./Src/uart.o
                              0x87d69 (size before relaxing)
 .debug_str     0x0009031b       0x3f ./Startup/startup_stm32f407vgtx.o
                                 0x7d (size before relaxing)
 .debug_str     0x0009035a      0x253 ./ThirdParty/FreeRTOS/list.o
                               0xac6f (size before relaxing)
 .debug_str     0x000905ad     0x1e2f ./ThirdParty/FreeRTOS/tasks.o
                               0xde11 (size before relaxing)
 .debug_str     0x000923dc      0x767 ./ThirdParty/FreeRTOS/portable/GCC/ARM_CM4F/port.o
                               0xafa2 (size before relaxing)
 .debug_str     0x00092b43      0x319 ./ThirdParty/FreeRTOS/portable/MemMang/heap_4.o
                               0xc138 (size before relaxing)

.comment        0x00000000       0x43
 .comment       0x00000000       0x43 ./Src/main.o
                                 0x44 (size before relaxing)
 .comment       0x00000043       0x44 ./Src/system_stm32f4xx.o
 .comment       0x00000043       0x44 ./Src/uart.o
 .comment       0x00000043       0x44 ./ThirdParty/FreeRTOS/list.o
 .comment       0x00000043       0x44 ./ThirdParty/FreeRTOS/tasks.o
 .comment       0x00000043       0x44 ./ThirdParty/FreeRTOS/portable/GCC/ARM_CM4F/port.o
 .comment       0x00000043       0x44 ./ThirdParty/FreeRTOS/portable/MemMang/heap_4.o

.debug_frame    0x00000000     0x1010
 .debug_frame   0x00000000       0x50 ./Src/main.o
 .debug_frame   0x00000050       0x84 ./Src/system_stm32f4xx.o
 .debug_frame   0x000000d4       0xd0 ./Src/uart.o
 .debug_frame   0x000001a4       0xd8 ./ThirdParty/FreeRTOS/list.o
 .debug_frame   0x0000027c      0x768 ./ThirdParty/FreeRTOS/tasks.o
 .debug_frame   0x000009e4      0x1a8 ./ThirdParty/FreeRTOS/portable/GCC/ARM_CM4F/port.o
 .debug_frame   0x00000b8c      0x12c ./ThirdParty/FreeRTOS/portable/MemMang/heap_4.o
 .debug_frame   0x00000cb8      0x144 /opt/st/stm32cubeide_1.15.0/plugins/com.st.stm32cube.ide.mcu.externaltools.gnu-tools-for-stm32.12.3.rel1.linux64_1.0.100.202403111256/tools/bin/../lib/gcc/arm-none-eabi/12.3.1/../../../../arm-none-eabi/lib/thumb/v7e-m+fp/hard/libc_nano.a(libc_a-findfp.o)
 .debug_frame   0x00000dfc       0x20 /opt/st/stm32cubeide_1.15.0/plugins/com.st.stm32cube.ide.mcu.externaltools.gnu-tools-for-stm32.12.3.rel1.linux64_1.0.100.202403111256/tools/bin/../lib/gcc/arm-none-eabi/12.3.1/../../../../arm-none-eabi/lib/thumb/v7e-m+fp/hard/libc_nano.a(libc_a-memset.o)
 .debug_frame   0x00000e1c       0x28 /opt/st/stm32cubeide_1.15.0/plugins/com.st.stm32cube.ide.mcu.externaltools.gnu-tools-for-stm32.12.3.rel1.linux64_1.0.100.202403111256/tools/bin/../lib/gcc/arm-none-eabi/12.3.1/../../../../arm-none-eabi/lib/thumb/v7e-m+fp/hard/libc_nano.a(libc_a-strupr.o)
 .debug_frame   0x00000e44       0x38 /opt/st/stm32cubeide_1.15.0/plugins/com.st.stm32cube.ide.mcu.externaltools.gnu-tools-for-stm32.12.3.rel1.linux64_1.0.100.202403111256/tools/bin/../lib/gcc/arm-none-eabi/12.3.1/../../../../arm-none-eabi/lib/thumb/v7e-m+fp/hard/libc_nano.a(libc_a-reent.o)
 .debug_frame   0x00000e7c       0x2c /opt/st/stm32cubeide_1.15.0/plugins/com.st.stm32cube.ide.mcu.externaltools.gnu-tools-for-stm32.12.3.rel1.linux64_1.0.100.202403111256/tools/bin/../lib/gcc/arm-none-eabi/12.3.1/../../../../arm-none-eabi/lib/thumb/v7e-m+fp/hard/libc_nano.a(libc_a-init.o)
 .debug_frame   0x00000ea8       0xb0 /opt/st/stm32cubeide_1.15.0/plugins/com.st.stm32cube.ide.mcu.externaltools.gnu-tools-for-stm32.12.3.rel1.linux64_1.0.100.202403111256/tools/bin/../lib/gcc/arm-none-eabi/12.3.1/../../../../arm-none-eabi/lib/thumb/v7e-m+fp/hard/libc_nano.a(libc_a-lock.o)
 .debug_frame   0x00000f58       0x38 /opt/st/stm32cubeide_1.15.0/plugins/com.st.stm32cube.ide.mcu.externaltools.gnu-tools-for-stm32.12.3.rel1.linux64_1.0.100.202403111256/tools/bin/../lib/gcc/arm-none-eabi/12.3.1/../../../../arm-none-eabi/lib/thumb/v7e-m+fp/hard/libc_nano.a(libc_a-freer.o)
 .debug_frame   0x00000f90       0x50 /opt/st/stm32cubeide_1.15.0/plugins/com.st.stm32cube.ide.mcu.externaltools.gnu-tools-for-stm32.12.3.rel1.linux64_1.0.100.202403111256/tools/bin/../lib/gcc/arm-none-eabi/12.3.1/../../../../arm-none-eabi/lib/thumb/v7e-m+fp/hard/libc_nano.a(libc_a-mallocr.o)
 .debug_frame   0x00000fe0       0x30 /opt/st/stm32cubeide_1.15.0/plugins/com.st.stm32cube.ide.mcu.externaltools.gnu-tools-for-stm32.12.3.rel1.linux64_1.0.100.202403111256/tools/bin/../lib/gcc/arm-none-eabi/12.3.1/../../../../arm-none-eabi/lib/thumb/v7e-m+fp/hard/libc_nano.a(libc_a-mlock.o)

.debug_loclists
                0x00000000       0x1f
 .debug_loclists
                0x00000000       0x1f ./Src/system_stm32f4xx.o

.debug_line_str
                0x00000000       0x61
 .debug_line_str
                0x00000000       0x61 ./Startup/startup_stm32f407vgtx.o
